// Jest Snapshot v1, https://goo.gl/fbAQLP

exports[`Calculator component tests Renders correctly 1`] = `
<div
  className="calculatorContainer"
>
  <div
    className="outputContainer"
  >
    <p>
      0
      0
    </p>
  </div>
  <div
    className="buttons-container"
  >
    <div
      className="row"
    >
      <button
        className="button"
        onClick={[Function]}
        type="button"
      >
        AC
      </button>
      <button
        className="button"
        onClick={[Function]}
        type="button"
      >
        +/-
      </button>
      <button
        className="button"
        onClick={[Function]}
        type="button"
      >
        %
      </button>
      <button
        className="button"
        onClick={[Function]}
        type="button"
      >
        รท
      </button>
    </div>
    <div
      className="row"
    >
      <button
        className="button"
        onClick={[Function]}
        type="button"
      >
        7
      </button>
      <button
        className="button"
        onClick={[Function]}
        type="button"
      >
        8
      </button>
      <button
        className="button"
        onClick={[Function]}
        type="button"
      >
        9
      </button>
      <button
        className="button"
        onClick={[Function]}
        type="button"
      >
        x
      </button>
    </div>
    <div
      className="row"
    >
      <button
        className="button"
        onClick={[Function]}
        type="button"
      >
        4
      </button>
      <button
        className="button"
        onClick={[Function]}
        type="button"
      >
        5
      </button>
      <button
        className="button"
        onClick={[Function]}
        type="button"
      >
        6
      </button>
      <button
        className="button"
        onClick={[Function]}
        type="button"
      >
        -
      </button>
    </div>
    <div
      className="row"
    >
      <button
        className="button"
        onClick={[Function]}
        type="button"
      >
        1
      </button>
      <button
        className="button"
        onClick={[Function]}
        type="button"
      >
        2
      </button>
      <button
        className="button"
        onClick={[Function]}
        type="button"
      >
        3
      </button>
      <button
        className="button"
        onClick={[Function]}
        type="button"
      >
        +
      </button>
    </div>
    <div
      className="row row-5"
    >
      <button
        className="button"
        onClick={[Function]}
        type="button"
      >
        0
      </button>
      <button
        className="button"
        onClick={[Function]}
        type="button"
      >
        .
      </button>
      <button
        className="button"
        onClick={[Function]}
        type="button"
      >
        =
      </button>
    </div>
  </div>
</div>
`;
