// Jest Snapshot v1, https://goo.gl/fbAQLP

exports[`Header component tests Renders correctly 1`] = `
<header
  className="nav-bar"
>
  <h1>
    Math Magicians
  </h1>
  <div
    className="link-container"
  >
    <a
      href="/"
      onClick={[Function]}
    >
      Home
    </a>
    <a
      className="mid-b"
      href="/Calculator"
      onClick={[Function]}
    >
      Calculator
    </a>
    <a
      href="/Quote"
      onClick={[Function]}
    >
      Quote
    </a>
  </div>
</header>
`;
